2026-03-11 09:14:02 INFO  [api] GET /lookup?q=BRCA1 assembly=hg38 status=200 dur=118ms
2026-03-11 09:14:07 INFO  [api] GET /lookup?q=rs113488022 assembly=hg38 status=200 dur=96ms
2026-03-11 09:14:19 WARN  [cache] annotation cache miss ratio 0.62 over last 60s
2026-03-11 09:15:41 INFO  [api] GET /lookup?q=TP53 assembly=hg38 status=200 dur=131ms
2026-03-11 09:16:03 ERROR [api] GET /lookup?q=BRCA1 assembly=hg19 status=500 dur=4021ms
2026-03-11 09:16:03 ERROR [annotate] Unhandled exception building annotation payload
  at AnnotationBuilder.resolveTranscript(AnnotationBuilder.java:214)
  at AnnotationBuilder.build(AnnotationBuilder.java:88)
  at LookupController.handle(LookupController.java:52)
Caused by: NullPointerException: transcript set empty for assembly hg19
2026-03-11 09:16:11 INFO  [api] GET /lookup?q=BRCA1 assembly=hg38 status=200 dur=124ms
2026-03-11 09:17:44 WARN  [cache] annotation cache miss ratio 0.66 over last 60s
2026-03-11 09:18:20 ERROR [api] GET /lookup?q=TP53 assembly=hg19 status=500 dur=3887ms
2026-03-11 09:18:20 ERROR [annotate] Unhandled exception building annotation payload
  at AnnotationBuilder.resolveTranscript(AnnotationBuilder.java:214)
Caused by: NullPointerException: transcript set empty for assembly hg19
2026-03-11 09:19:02 INFO  [api] GET /lookup?q=EGFR assembly=hg38 status=200 dur=109ms
2026-03-11 09:20:15 WARN  [cache] annotation cache miss ratio 0.71 over last 60s
2026-03-11 09:21:37 ERROR [api] GET /lookup?q=EGFR assembly=hg19 status=500 dur=4102ms
2026-03-11 09:21:37 ERROR [annotate] Unhandled exception building annotation payload
  at AnnotationBuilder.resolveTranscript(AnnotationBuilder.java:214)
Caused by: NullPointerException: transcript set empty for assembly hg19
2026-03-11 09:22:04 INFO  [api] GET /lookup?q=BRCA2 assembly=hg38 status=200 dur=115ms